\begin{theindex}

  \item +, 43
  \item =, 61
  \item \{, 123
  \item 0X, 48

  \indexspace

  \item A=, 65

  \indexspace

  \item B+, 1043
  \item B0, 1048
  \item B=, 1061

  \indexspace

  \item C
    \subitem +, 2043
    \subitem =, 2061
    \subitem 1X, 2049
    \subitem 0, 2048

\end{theindex}
